echo "# fraud_detection" >> README.md #This command create a readme file and adds # fraud detection as contents in the file.
git init
git config user.name sujeetgoit

git config user.email sujeet.goit@gmail.com
git status

git add README.md
git commit -m "first commit"
git branch
git remote add origin https://github.com/sajankedia/fraud_detection.git
git push -u origin master


git pull --rebase origin

$ git log
$ git revert HEAD
[master 41d437a] Revert "add a new function sum"
 2 files changed, 1 insertion(+), 10 deletions(-)
 delete mode 100644 test.txt


$ git log --oneline
a01b7b1 (HEAD -> master)  added division function
23a33ce corrected code and added new function
41d437a Revert "add a new function sum"
d1a1835 add a new function sum
2c9b594 (origin/master) added ne line to Git_commands
cfb3b2e adding new file Data Processing
14a0dbd Create Git_commands
2a1b991 Test commit README.md

CISCO+sujeetk@CSCO-W-PF3R0G6H MINGW64 ~/fraud_detection (master)
$ git reset --hard 2c9b594
HEAD is now at 2c9b594 added ne line to Git_commands

CISCO+sujeetk@CSCO-W-PF3R0G6H MINGW64 ~/fraud_detection (master)
$ git log --oneline
2c9b594 (HEAD -> master, origin/master) added ne line to Git_commands
cfb3b2e adding new file Data Processing
14a0dbd Create Git_commands
2a1b991 Test commit README.md


$ git branch
* master

CISCO+sujeetk@CSCO-W-PF3R0G6H MINGW64 ~/fraud_detection (master)
$ git checkout -b model
Switched to a new branch 'model'

CISCO+sujeetk@CSCO-W-PF3R0G6H MINGW64 ~/fraud_detection (model)
$ git branch
  master
* model

CISCO+sujeetk@CSCO-W-PF3R0G6H MINGW64 ~/fraud_detection (model)
$ git status
On branch model
Changes to be committed:
  (use "git restore --staged <file>..." to unstage)
        new file:   models.py

Changes not staged for commit:
  (use "git add <file>..." to update what will be committed)
  (use "git restore <file>..." to discard changes in working directory)
        modified:   models.py

Untracked files:
  (use "git add <file>..." to include in what will be committed)
        .idea/


CISCO+sujeetk@CSCO-W-PF3R0G6H MINGW64 ~/fraud_detection (model)
$ git commit -m "added new file for model"
[model 8bd6fe8] added new file for model
 1 file changed, 0 insertions(+), 0 deletions(-)
 create mode 100644 models.py

CISCO+sujeetk@CSCO-W-PF3R0G6H MINGW64 ~/fraud_detection (model)
$ git push origin model
Enumerating objects: 4, done.
Counting objects: 100% (4/4), done.
Delta compression using up to 8 threads
Compressing objects: 100% (2/2), done.
Writing objects: 100% (3/3), 274 bytes | 274.00 KiB/s, done.
Total 3 (delta 1), reused 0 (delta 0), pack-reused 0 (from 0)
remote: Resolving deltas: 100% (1/1), completed with 1 local object.
remote:
remote: Create a pull request for 'model' on GitHub by visiting:
remote:      https://github.com/sujeetgoit/fraud_detection/pull/new/model
remote:
To https://github.com/sujeetgoit/fraud_detection.git
 * [new branch]      model -> model

CISCO+sujeetk@CSCO-W-PF3R0G6H MINGW64 ~/fraud_detection (model)
